Spawned child process 4072
Process 4072 exited: 0
Spawned child process 4080
Process 4080 exited: 71
